Microchip MPLAB XC8 Compiler V1.45 ()

Linker command line:

-W-3 --edf=C:\Program Files (x86)\Microchip\xc8\v1.45\dat\en_msgs.txt -cs \
  -h+dist/default/production\FastenerPacker.X.production.sym \
  --cmf=dist/default/production\FastenerPacker.X.production.cmf -z \
  -Q18F4620 -oC:\Users\salar\AppData\Local\Temp\sglk.2 \
  -Mdist/default/production/FastenerPacker.X.production.map -E1 -ver=XC8 \
  -ASTACK=01A7h-0f7fh -pstack=STACK -ACODE=00h-0FFFFh -ACONST=00h-0FFFFh \
  -ASMALLCONST=01000h-010FFhx240 -AMEDIUMCONST=01000h-0FFFFh \
  -ACOMRAM=01h-07Fh -AABS1=00h-0F7Fh -ABIGRAM=01h-0F7Fh \
  -ARAM=080h-0FFh,0100h-01FFhx14,0F00h-0F7Fh -ABANK0=080h-0FFh \
  -ABANK1=0100h-01FFh -ABANK2=0200h-02FFh -ABANK3=0300h-03FFh \
  -ABANK4=0400h-04FFh -ABANK5=0500h-05FFh -ABANK6=0600h-06FFh \
  -ABANK7=0700h-07FFh -ABANK8=0800h-08FFh -ABANK9=0900h-09FFh \
  -ABANK10=0A00h-0AFFh -ABANK11=0B00h-0BFFh -ABANK12=0C00h-0CFFh \
  -ABANK13=0D00h-0DFFh -ABANK14=0E00h-0EFFh -ABANK15=0F00h-0F7Fh \
  -ASFR=0F80h-0FFFh -preset_vec=00h,intcode=08h,intcodelo,powerup,init \
  -pramtop=01000h -psmallconst=SMALLCONST -pmediumconst=MEDIUMCONST \
  -pconst=CONST -AFARRAM=00h-00h -ACONFIG=0300000h-030000Dh -pconfig=CONFIG \
  -AIDLOC=0200000h-0200007h -pidloc=IDLOC -AEEDATA=0F00000h-0F003FFh \
  -peeprom_data=EEDATA \
  -prdata=COMRAM,nvrram=COMRAM,nvbit=COMRAM,rbss=COMRAM,rbit=COMRAM \
  -pfarbss=FARRAM,fardata=FARRAM,nvFARRAM=FARRAM \
  -pintsave_regs=BIGRAM,bigbss=BIGRAM,bigdata=BIGRAM -pbss=RAM \
  -pidata=CODE,irdata=CODE,ibigdata=CODE,ifardata=CODE -prparam=COMRAM \
  C:\Users\salar\AppData\Local\Temp\sglk.obj \
  dist/default/production\FastenerPacker.X.production.obj 

Object code version is 3.11

Machine type is 18F4620

Call graph: (short form)




                Name                               Link     Load   Length Selector   Space Scale
C:\Users\salar\AppData\Local\Temp\sglk.obj
                init                                  E        E        4        4       0
                reset_vec                             0        0        4        0       0
                idloc                            200000   200000        8   200000       0
                config                           300000   300000        E   300000       0
dist/default/production\FastenerPacker.X.production.obj
                intcode                               8        8        6        4       0
                temp                                 6B       6B        1        1       1
                mediumconst                        FEBA     FEBA      146     7F5D       0
                intcode_body                        ED2      ED2       E4        4       0
                text35                             1706     1706       1A        4       0
                text34                             165E     165E       26        4       0
                text33                             1554     1554       46        4       0
                text32                              602      602      21C        4       0
                text31                             1124     1124       90        4       0
                text30                             1076     1076       AE        4       0
                text29                             16A8     16A8       24        4       0
                text28                              81E      81E      1FA        4       0
                text27                             175E     175E       12        4       0
                text26                             1684     1684       24        4       0
                text25                             1782     1782        8        4       0
                text24                             177A     177A        8        4       0
                text23                             1770     1770        A        4       0
                text22                             12B4     12B4       72        4       0
                text21                             1236     1236       7E        4       0
                text20                             174A     174A       14        4       0
                text19                             14B6     14B6       52        4       0
                text18                             15DC     15DC       42        4       0
                text17                             16CC     16CC       1E        4       0
                text16                             1736     1736       14        4       0
                text15                               12       12      394        4       0
                text14                             13F6     13F6       64        4       0
                text13                             16EA     16EA       1C        4       0
                text12                             161E     161E       40        4       0
                text11                              A18      A18      178        4       0
                text10                             159A     159A       42        4       0
                text9                               3A6      3A6      25C        4       0
                text8                              1508     1508       4C        4       0
                text7                              11B4     11B4       82        4       0
                text6                              145A     145A       5C        4       0
                text5                              1720     1720       16        4       0
                text4                              1790     1790        2        4       0
                text3                               B90      B90      15C        4       0
                text2                               DEE      DEE       E4        4       0
                text1                               CEC      CEC      102        4       0
                text0                               FB6      FB6       C0        4       0
                cstackCOMRAM                          1        1       5B        1       1
                cstackBANK0                          80       80       80       80       1
                cstackBANK1                         16A      16A       2D      100       1
                dataBANK1                           100      100       6A      100       1
                bssBANK1                            197      197       10      100       1
                dataCOMRAM                           65       65        6        1       1
                bssCOMRAM                            5C       5C        9        1       1
                cinit                              1390     1390       66        4       0
                idataBANK1                         1326     1326       6A        4       0
                idataCOMRAM                        178A     178A        6        4       0

TOTAL           Name                               Link     Load   Length     Space
        CLASS   STACK          

        CLASS   CODE           
                intcode                               8        8        6         0
                init                                  E        E        4         0
                reset_vec                             0        0        4         0
                intcode_body                        ED2      ED2       E4         0
                text35                             1706     1706       1A         0
                text34                             165E     165E       26         0
                text33                             1554     1554       46         0
                text32                              602      602      21C         0
                text31                             1124     1124       90         0
                text30                             1076     1076       AE         0
                text29                             16A8     16A8       24         0
                text28                              81E      81E      1FA         0
                text27                             175E     175E       12         0
                text26                             1684     1684       24         0
                text25                             1782     1782        8         0
                text24                             177A     177A        8         0
                text23                             1770     1770        A         0
                text22                             12B4     12B4       72         0
                text21                             1236     1236       7E         0
                text20                             174A     174A       14         0
                text19                             14B6     14B6       52         0
                text18                             15DC     15DC       42         0
                text17                             16CC     16CC       1E         0
                text16                             1736     1736       14         0
                text15                               12       12      394         0
                text14                             13F6     13F6       64         0
                text13                             16EA     16EA       1C         0
                text12                             161E     161E       40         0
                text11                              A18      A18      178         0
                text10                             159A     159A       42         0
                text9                               3A6      3A6      25C         0
                text8                              1508     1508       4C         0
                text7                              11B4     11B4       82         0
                text6                              145A     145A       5C         0
                text5                              1720     1720       16         0
                text4                              1790     1790        2         0
                text3                               B90      B90      15C         0
                text2                               DEE      DEE       E4         0
                text1                               CEC      CEC      102         0
                text0                               FB6      FB6       C0         0
                cinit                              1390     1390       66         0
                idataBANK1                         1326     1326       6A         0
                idataCOMRAM                        178A     178A        6         0

        CLASS   CONST          

        CLASS   SMALLCONST     

        CLASS   MEDIUMCONST    
                mediumconst                        FEBA     FEBA      146         0

        CLASS   COMRAM         
                temp                                 6B       6B        1         1
                cstackCOMRAM                          1        1       5B         1
                dataCOMRAM                           65       65        6         1
                bssCOMRAM                            5C       5C        9         1

        CLASS   ABS1           

        CLASS   BIGRAM         

        CLASS   RAM            

        CLASS   BANK0          
                cstackBANK0                          80       80       80         1

        CLASS   BANK1          
                cstackBANK1                         16A      16A       2D         1
                dataBANK1                           100      100       6A         1
                bssBANK1                            197      197       10         1

        CLASS   BANK2          

        CLASS   BANK3          

        CLASS   BANK4          

        CLASS   BANK5          

        CLASS   BANK6          

        CLASS   BANK7          

        CLASS   BANK8          

        CLASS   BANK9          

        CLASS   BANK10         

        CLASS   BANK11         

        CLASS   BANK12         

        CLASS   BANK13         

        CLASS   BANK14         

        CLASS   BANK15         

        CLASS   SFR            

        CLASS   FARRAM         

        CLASS   CONFIG         
                config                           300000   300000        E         0

        CLASS   IDLOC          
                idloc                            200000   200000        8         0

        CLASS   EEDATA         



SEGMENTS        Name                           Load    Length   Top    Selector   Space  Class

                reset_vec                      000000  000004  000004         0       0  CODE    
                cstackCOMRAM                   000001  00006B  00006C         1       1  COMRAM  
                intcode                        000008  00178A  001792         4       0  CODE    
                cstackBANK0                    000080  000080  000100        80       1  BANK0   
                dataBANK1                      000100  0000A7  0001A7       100       1  BANK1   
                mediumconst                    00FEBA  000146  010000      7F5D       0  MEDIUMCO
                idloc                          200000  000008  200008    200000       0  IDLOC   
                config                         300000  00000E  30000E    300000       0  CONFIG  


UNUSED ADDRESS RANGES

        Name                Unused          Largest block    Delta
        BANK1            0001A7-0001FF               59
        BANK10           000A00-000AFF              100
        BANK11           000B00-000BFF              100
        BANK12           000C00-000CFF              100
        BANK13           000D00-000DFF              100
        BANK14           000E00-000EFF              100
        BANK15           000F00-000F7F               80
        BANK2            000200-0002FF              100
        BANK3            000300-0003FF              100
        BANK4            000400-0004FF              100
        BANK5            000500-0005FF              100
        BANK6            000600-0006FF              100
        BANK7            000700-0007FF              100
        BANK8            000800-0008FF              100
        BANK9            000900-0009FF              100
        BIGRAM           00006C-00007F               14
                         0001A7-000F7F              DD9
        CODE             000004-000007                4
                         001792-00FEB9             E728
        COMRAM           00006C-00007F               14
        CONST            000004-000007                4
                         001792-00FEB9             E728
        EEDATA           F00000-F003FF              400
        MEDIUMCONST      001792-00FEB9             E728
        RAM              0001A7-000F7F              100
        SFR              000F80-000FFF               80
        SMALLCONST       001792-00FEB9              100
        STACK            0001A7-000F7F              DD9

                                  Symbol Table

?___ftpack                    cstackCOMRAM 000015
?___lldiv                     cstackCOMRAM 000015
?___lwdiv                     cstackCOMRAM 000015
?___lwmod                     cstackCOMRAM 00001C
?___lwtoft                    cstackCOMRAM 00002F
?___wmul                      cstackCOMRAM 000015
?_calcOperationTime           cstackCOMRAM 00001B
?_printf                      cstackCOMRAM 000021
?_strcmp                      cstackCOMRAM 00001B
I2C_Master_Init@clockFreq     cstackCOMRAM 000022
I2C_Master_Read@ackBit        cstackCOMRAM 000016
I2C_Master_Read@receivedByte  cstackCOMRAM 000017
I2C_Master_Write@byteToWrite  cstackCOMRAM 000016
_ADCON0                       (abs)        000FC2
_ADCON1                       (abs)        000FC1
_I2C_Master_Init              text6        00145A
_I2C_Master_Read              text26       001684
_I2C_Master_Start             text25       001782
_I2C_Master_Stop              text24       00177A
_I2C_Master_Wait              text27       00175E
_I2C_Master_Write             text23       001770
_INT1IE                       (abs)        007F83
_INT1IF                       (abs)        007F80
_INTCONbits                   (abs)        000FF2
_LATA                         (abs)        000F89
_LATAbits                     (abs)        000F89
_LATB                         (abs)        000F8A
_LATC                         (abs)        000F8B
_LATD                         (abs)        000F8C
_LATDbits                     (abs)        000F8C
_LATE                         (abs)        000F8D
_LCD_HORZ_LIMIT               mediumconst  00FEF7
_LCD_LEFT                     mediumconst  00FEF2
_LCD_RIGHT                    mediumconst  00FEF3
_LCD_SIZE_HORZ                mediumconst  00FEF5
_LCD_SIZE_VERT                mediumconst  00FEF4
_LCD_VERT_LIMIT               mediumconst  00FEF6
_LCDinterruptState            bssCOMRAM    000064
_PORTB                        (abs)        000F81
_PORTBbits                    (abs)        000F81
_SSPADD                       (abs)        000FC8
_SSPBUF                       (abs)        000FC9
_SSPCON1                      (abs)        000FC6
_SSPCON1bits                  (abs)        000FC6
_SSPCON2                      (abs)        000FC5
_SSPCON2bits                  (abs)        000FC5
_SSPSTAT                      (abs)        000FC7
_TRISA                        (abs)        000F92
_TRISB                        (abs)        000F93
_TRISC                        (abs)        000F94
_TRISCbits                    (abs)        000F94
_TRISD                        (abs)        000F95
_TRISE                        (abs)        000F96
__CFG_BOREN$SBORDIS           (abs)        000000
__CFG_BORV$3                  (abs)        000000
__CFG_CCP2MX$PORTC            (abs)        000000
__CFG_CP0$OFF                 (abs)        000000
__CFG_CP1$OFF                 (abs)        000000
__CFG_CP2$OFF                 (abs)        000000
__CFG_CP3$OFF                 (abs)        000000
__CFG_CPB$OFF                 (abs)        000000
__CFG_CPD$OFF                 (abs)        000000
__CFG_EBTR0$OFF               (abs)        000000
__CFG_EBTR1$OFF               (abs)        000000
__CFG_EBTR2$OFF               (abs)        000000
__CFG_EBTR3$OFF               (abs)        000000
__CFG_EBTRB$OFF               (abs)        000000
__CFG_FCMEN$OFF               (abs)        000000
__CFG_IESO$OFF                (abs)        000000
__CFG_LPT1OSC$OFF             (abs)        000000
__CFG_LVP$OFF                 (abs)        000000
__CFG_MCLRE$ON                (abs)        000000
__CFG_OSC$HSPLL               (abs)        000000
__CFG_PBADEN$OFF              (abs)        000000
__CFG_PWRT$OFF                (abs)        000000
__CFG_STVREN$ON               (abs)        000000
__CFG_WDT$OFF                 (abs)        000000
__CFG_WDTPS$32768             (abs)        000000
__CFG_WRT0$OFF                (abs)        000000
__CFG_WRT1$OFF                (abs)        000000
__CFG_WRT2$OFF                (abs)        000000
__CFG_WRT3$OFF                (abs)        000000
__CFG_WRTB$OFF                (abs)        000000
__CFG_WRTC$OFF                (abs)        000000
__CFG_WRTD$OFF                (abs)        000000
__CFG_XINST$OFF               (abs)        000000
__HRAM                        (abs)        000000
__Habs1                       abs1         000000
__Hbank0                      bank0        000000
__Hbank1                      bank1        000000
__Hbank10                     bank10       000000
__Hbank11                     bank11       000000
__Hbank12                     bank12       000000
__Hbank13                     bank13       000000
__Hbank14                     bank14       000000
__Hbank15                     bank15       000000
__Hbank2                      bank2        000000
__Hbank3                      bank3        000000
__Hbank4                      bank4        000000
__Hbank5                      bank5        000000
__Hbank6                      bank6        000000
__Hbank7                      bank7        000000
__Hbank8                      bank8        000000
__Hbank9                      bank9        000000
__Hbigbss                     bigbss       000000
__Hbigdata                    bigdata      000000
__Hbigram                     bigram       000000
__Hbss                        bss          000000
__HbssBANK1                   bssBANK1     000000
__HbssCOMRAM                  bssCOMRAM    000000
__Hcinit                      cinit        000000
__Hclrtext                    clrtext      000000
__Hcomram                     comram       000000
__Hconfig                     config       30000E
__Hconst                      const        000000
__HcstackBANK0                cstackBANK0  000000
__HcstackBANK1                cstackBANK1  000000
__HcstackCOMRAM               cstackCOMRAM 000000
__Hdata                       data         000000
__HdataBANK1                  dataBANK1    000000
__HdataCOMRAM                 dataCOMRAM   000000
__Heeprom_data                eeprom_data  000000
__Hfarbss                     farbss       000000
__Hfardata                    fardata      000000
__Hibigdata                   ibigdata     000000
__Hidata                      idata        000000
__HidataBANK1                 idataBANK1   000000
__HidataCOMRAM                idataCOMRAM  000000
__Hidloc                      idloc        200008
__Hifardata                   ifardata     000000
__Hinit                       init         000012
__Hintcode                    intcode      00000E
__Hintcode_body               intcode_body 000000
__Hintcodelo                  intcodelo    00000E
__Hintentry                   intentry     000000
__Hintret                     intret       000000
__Hintsave_regs               intsave_regs 000000
__Hirdata                     irdata       000000
__Hmediumconst                mediumconst  010000
__HnvFARRAM                   nvFARRAM     000000
__Hnvbit                      nvbit        000000
__Hnvrram                     nvrram       000000
__Hparam                      rparam       000000
__Hpowerup                    powerup      00000E
__Hram                        ram          000000
__Hramtop                     ramtop       001000
__Hrbit                       rbit         000000
__Hrbss                       rbss         000000
__Hrdata                      rdata        000000
__Hreset_vec                  reset_vec    000004
__Hrparam                     rparam       000000
__Hsfr                        sfr          000000
__Hsmallconst                 smallconst   000000
__Hspace_0                    (abs)        30000E
__Hspace_1                    (abs)        0001A7
__Hspace_2                    (abs)        000000
__Hstack                      stack        000000
__Hstruct                     struct       000000
__Htemp                       temp         00006C
__Htext                       text         000000
__Htext0                      text0        000000
__Htext1                      text1        000000
__Htext10                     text10       000000
__Htext11                     text11       000000
__Htext12                     text12       000000
__Htext13                     text13       000000
__Htext14                     text14       000000
__Htext15                     text15       000000
__Htext16                     text16       000000
__Htext17                     text17       000000
__Htext18                     text18       000000
__Htext19                     text19       000000
__Htext2                      text2        000000
__Htext20                     text20       000000
__Htext21                     text21       000000
__Htext22                     text22       000000
__Htext23                     text23       000000
__Htext24                     text24       000000
__Htext25                     text25       000000
__Htext26                     text26       000000
__Htext27                     text27       000000
__Htext28                     text28       000000
__Htext29                     text29       000000
__Htext3                      text3        000000
__Htext30                     text30       000000
__Htext31                     text31       000000
__Htext32                     text32       000000
__Htext33                     text33       000000
__Htext34                     text34       000000
__Htext35                     text35       000000
__Htext4                      text4        000000
__Htext5                      text5        000000
__Htext6                      text6        000000
__Htext7                      text7        000000
__Htext8                      text8        000000
__Htext9                      text9        000000
__LRAM                        (abs)        000001
__Labs1                       abs1         000000
__Lbank0                      bank0        000000
__Lbank1                      bank1        000000
__Lbank10                     bank10       000000
__Lbank11                     bank11       000000
__Lbank12                     bank12       000000
__Lbank13                     bank13       000000
__Lbank14                     bank14       000000
__Lbank15                     bank15       000000
__Lbank2                      bank2        000000
__Lbank3                      bank3        000000
__Lbank4                      bank4        000000
__Lbank5                      bank5        000000
__Lbank6                      bank6        000000
__Lbank7                      bank7        000000
__Lbank8                      bank8        000000
__Lbank9                      bank9        000000
__Lbigbss                     bigbss       000000
__Lbigdata                    bigdata      000000
__Lbigram                     bigram       000000
__Lbss                        bss          000000
__LbssBANK1                   bssBANK1     000000
__LbssCOMRAM                  bssCOMRAM    000000
__Lcinit                      cinit        000000
__Lclrtext                    clrtext      000000
__Lcomram                     comram       000000
__Lconfig                     config       300000
__Lconst                      const        000000
__LcstackBANK0                cstackBANK0  000000
__LcstackBANK1                cstackBANK1  000000
__LcstackCOMRAM               cstackCOMRAM 000000
__Ldata                       data         000000
__LdataBANK1                  dataBANK1    000000
__LdataCOMRAM                 dataCOMRAM   000000
__Leeprom_data                eeprom_data  000000
__Lfarbss                     farbss       000000
__Lfardata                    fardata      000000
__Libigdata                   ibigdata     000000
__Lidata                      idata        000000
__LidataBANK1                 idataBANK1   000000
__LidataCOMRAM                idataCOMRAM  000000
__Lidloc                      idloc        200000
__Lifardata                   ifardata     000000
__Linit                       init         00000E
__Lintcode                    intcode      000008
__Lintcode_body               intcode_body 000000
__Lintcodelo                  intcodelo    00000E
__Lintentry                   intentry     000000
__Lintret                     intret       000000
__Lintsave_regs               intsave_regs 000000
__Lirdata                     irdata       000000
__Lmediumconst                mediumconst  00FEBA
__LnvFARRAM                   nvFARRAM     000000
__Lnvbit                      nvbit        000000
__Lnvrram                     nvrram       000000
__Lparam                      rparam       000000
__Lpowerup                    powerup      00000E
__Lram                        ram          000000
__Lramtop                     ramtop       001000
__Lrbit                       rbit         000000
__Lrbss                       rbss         000000
__Lrdata                      rdata        000000
__Lreset_vec                  reset_vec    000000
__Lrparam                     rparam       000000
__Lsfr                        sfr          000000
__Lsmallconst                 smallconst   000000
__Lspace_0                    (abs)        000000
__Lspace_1                    (abs)        000000
__Lspace_2                    (abs)        000000
__Lstack                      stack        000000
__Lstruct                     struct       000000
__Ltemp                       temp         00006B
__Ltext                       text         000000
__Ltext0                      text0        000000
__Ltext1                      text1        000000
__Ltext10                     text10       000000
__Ltext11                     text11       000000
__Ltext12                     text12       000000
__Ltext13                     text13       000000
__Ltext14                     text14       000000
__Ltext15                     text15       000000
__Ltext16                     text16       000000
__Ltext17                     text17       000000
__Ltext18                     text18       000000
__Ltext19                     text19       000000
__Ltext2                      text2        000000
__Ltext20                     text20       000000
__Ltext21                     text21       000000
__Ltext22                     text22       000000
__Ltext23                     text23       000000
__Ltext24                     text24       000000
__Ltext25                     text25       000000
__Ltext26                     text26       000000
__Ltext27                     text27       000000
__Ltext28                     text28       000000
__Ltext29                     text29       000000
__Ltext3                      text3        000000
__Ltext30                     text30       000000
__Ltext31                     text31       000000
__Ltext32                     text32       000000
__Ltext33                     text33       000000
__Ltext34                     text34       000000
__Ltext35                     text35       000000
__Ltext4                      text4        000000
__Ltext5                      text5        000000
__Ltext6                      text6        000000
__Ltext7                      text7        000000
__Ltext8                      text8        000000
__Ltext9                      text9        000000
__S0                          (abs)        30000E
__S1                          (abs)        0001A7
__S2                          (abs)        000000
___ftge                       text31       001124
___ftge@ff1                   cstackCOMRAM 000032
___ftge@ff2                   cstackCOMRAM 000035
___ftpack                     text30       001076
___ftpack@arg                 cstackCOMRAM 000015
___ftpack@exp                 cstackCOMRAM 000018
___ftpack@sign                cstackCOMRAM 000019
___inthi_sp                   stack        000000
___intlo_sp                   stack        000000
___lldiv                      text7        0011B4
___lldiv@counter              cstackCOMRAM 000021
___lldiv@dividend             cstackCOMRAM 000015
___lldiv@divisor              cstackCOMRAM 000019
___lldiv@quotient             cstackCOMRAM 00001D
___lwdiv                      text19       0014B6
___lwdiv@counter              cstackCOMRAM 000019
___lwdiv@dividend             cstackCOMRAM 000015
___lwdiv@divisor              cstackCOMRAM 000017
___lwdiv@quotient             cstackCOMRAM 00001A
___lwmod                      text18       0015DC
___lwmod@counter              cstackCOMRAM 000020
___lwmod@dividend             cstackCOMRAM 00001C
___lwmod@divisor              cstackCOMRAM 00001E
___lwtoft                     text29       0016A8
___lwtoft@c                   cstackCOMRAM 00002F
___param_bank                 (abs)        000000
___rparam_used                (abs)        000001
___sp                         stack        000000
___wmul                       text34       00165E
___wmul@multiplicand          cstackCOMRAM 000017
___wmul@multiplier            cstackCOMRAM 000015
___wmul@product               cstackCOMRAM 000019
__accesstop                   (abs)        000080
__activetblptr                (abs)        000002
__end_of_I2C_Master_Init      text6        0014B6
__end_of_I2C_Master_Read      text26       0016A8
__end_of_I2C_Master_Start     text25       00178A
__end_of_I2C_Master_Stop      text24       001782
__end_of_I2C_Master_Wait      text27       001770
__end_of_I2C_Master_Write     text23       00177A
__end_of_LCD_HORZ_LIMIT       mediumconst  00FEF8
__end_of_LCD_LEFT             mediumconst  00FEF3
__end_of_LCD_RIGHT            mediumconst  00FEF4
__end_of_LCD_SIZE_HORZ        mediumconst  00FEF6
__end_of_LCD_SIZE_VERT        mediumconst  00FEF5
__end_of_LCD_VERT_LIMIT       mediumconst  00FEF7
__end_of___ftge               text31       0011B4
__end_of___ftpack             text30       001124
__end_of___lldiv              text7        001236
__end_of___lwdiv              text19       001508
__end_of___lwmod              text18       00161E
__end_of___lwtoft             text29       0016CC
__end_of___wmul               text34       001684
__end_of__initialization      cinit        0013E8
__end_of_calcOperationTime    text28       000A18
__end_of_checkValid           text32       00081E
__end_of_dispRealTime         text14       00145A
__end_of_dpowers              mediumconst  00FED6
__end_of_errScreen            text10       0015DC
__end_of_firstTimeSet         mediumconst  00FEED
__end_of_getDateTime          text22       001326
__end_of_getInputs            text9        000602
__end_of_getKeyPressed        text11       000B90
__end_of_hexpowers            mediumconst  00FEDE
__end_of_initLCD              text8        001554
__end_of_initOperation        text35       001720
__end_of_initRTC              text5        001736
__end_of_initStandby          text1        000DEE
__end_of_interruptHandler     intcode_body 000FB6
__end_of_isdigit              text17       0016EA
__end_of_keys                 mediumconst  00FECC
__end_of_lcdInst              text20       00175E
__end_of_lcdNibble            text21       0012B4
__end_of_lcd_set_cursor       text12       00165E
__end_of_lcd_shift_cursor     text13       001706
__end_of_main                 text0        001076
__end_of_printf               text15       0003A6
__end_of_putch                text16       00174A
__end_of_retrieveResults      text4        001792
__end_of_setKeys              mediumconst  00FEF2
__end_of_showLogs             text2        000ED2
__end_of_showResults          text3        000CEC
__end_of_strcmp               text33       00159A
__end_ofcheckValid@F3160      mediumconst  00FEE6
__initialization              cinit        001390
__mediumconst                 mediumconst  00FEBA
__pbssBANK1                   bssBANK1     000197
__pbssCOMRAM                  bssCOMRAM    00005C
__pcinit                      cinit        001390
__pcstackBANK0                cstackBANK0  000080
__pcstackBANK1                cstackBANK1  00016A
__pcstackCOMRAM               cstackCOMRAM 000001
__pdataBANK1                  dataBANK1    000100
__pdataCOMRAM                 dataCOMRAM   000065
__pidataBANK1                 idataBANK1   001326
__pidataCOMRAM                idataCOMRAM  00178A
__pintcode                    intcode      000008
__pintcode_body               intcode_body 000ED2
__pmediumconst                mediumconst  00FEBA
__ptext0                      text0        000FB6
__ptext1                      text1        000CEC
__ptext10                     text10       00159A
__ptext11                     text11       000A18
__ptext12                     text12       00161E
__ptext13                     text13       0016EA
__ptext14                     text14       0013F6
__ptext15                     text15       000012
__ptext16                     text16       001736
__ptext17                     text17       0016CC
__ptext18                     text18       0015DC
__ptext19                     text19       0014B6
__ptext2                      text2        000DEE
__ptext20                     text20       00174A
__ptext21                     text21       001236
__ptext22                     text22       0012B4
__ptext23                     text23       001770
__ptext24                     text24       00177A
__ptext25                     text25       001782
__ptext26                     text26       001684
__ptext27                     text27       00175E
__ptext28                     text28       00081E
__ptext29                     text29       0016A8
__ptext3                      text3        000B90
__ptext30                     text30       001076
__ptext31                     text31       001124
__ptext32                     text32       000602
__ptext33                     text33       001554
__ptext34                     text34       00165E
__ptext35                     text35       001706
__ptext4                      text4        001790
__ptext5                      text5        001720
__ptext6                      text6        00145A
__ptext7                      text7        0011B4
__ptext8                      text8        001508
__ptext9                      text9        0003A6
__ramtop                      ramtop       001000
__size_of_I2C_Master_Init     (abs)        000000
__size_of_I2C_Master_Read     (abs)        000000
__size_of_I2C_Master_Start    (abs)        000000
__size_of_I2C_Master_Stop     (abs)        000000
__size_of_I2C_Master_Wait     (abs)        000000
__size_of_I2C_Master_Write    (abs)        000000
__size_of___ftge              (abs)        000000
__size_of___ftpack            (abs)        000000
__size_of___lldiv             (abs)        000000
__size_of___lwdiv             (abs)        000000
__size_of___lwmod             (abs)        000000
__size_of___lwtoft            (abs)        000000
__size_of___wmul              (abs)        000000
__size_of_calcOperationTime   (abs)        000000
__size_of_checkValid          (abs)        000000
__size_of_dispRealTime        (abs)        000000
__size_of_errScreen           (abs)        000000
__size_of_getDateTime         (abs)        000000
__size_of_getInputs           (abs)        000000
__size_of_getKeyPressed       (abs)        000000
__size_of_initLCD             (abs)        000000
__size_of_initOperation       (abs)        000000
__size_of_initRTC             (abs)        000000
__size_of_initStandby         (abs)        000000
__size_of_interruptHandler    (abs)        000000
__size_of_isdigit             (abs)        000000
__size_of_lcdInst             (abs)        000000
__size_of_lcdNibble           (abs)        000000
__size_of_lcd_set_cursor      (abs)        000000
__size_of_lcd_shift_cursor    (abs)        000000
__size_of_main                (abs)        000000
__size_of_printf              (abs)        000000
__size_of_putch               (abs)        000000
__size_of_retrieveResults     (abs)        000000
__size_of_showLogs            (abs)        000000
__size_of_showResults         (abs)        000000
__size_of_strcmp              (abs)        000000
__smallconst                  smallconst   000000
_calcOperationTime            text28       00081E
_checkValid                   text32       000602
_dispRealTime                 text14       0013F6
_dpowers                      mediumconst  00FECC
_errScreen                    text10       00159A
_firstTimeSet                 mediumconst  00FEE6
_getDateTime                  text22       0012B4
_getInputs                    text9        0003A6
_getKeyPressed                text11       000A18
_hexpowers                    mediumconst  00FED6
_initLCD                      text8        001508
_initOperation                text35       001706
_initRTC                      text5        001720
_initStandby                  text1        000CEC
_interruptHandler             intcode      000008
_isdigit                      text17       0016CC
_isdigit$898                  cstackCOMRAM 000016
_keys                         mediumconst  00FEBB
_lcdInst                      text20       00174A
_lcdNibble                    text21       001236
_lcd_set_cursor               text12       00161E
_lcd_shift_cursor             text13       0016EA
_main                         text0        000FB6
_printf                       text15       000012
_putch                        text16       001736
_retrieveResults              text4        001790
_setKeys                      mediumconst  00FEED
_showLogs                     text2        000DEE
_showResults                  text3        000B90
_strcmp                       text33       001554
btemp                         temp         00006B
calcOperationTime@hourEnd     cstackCOMRAM 000029
calcOperationTime@hourStart   cstackCOMRAM 000023
calcOperationTime@minEnd      cstackCOMRAM 00002B
calcOperationTime@minStart    cstackCOMRAM 000025
calcOperationTime@secEnd      cstackCOMRAM 00002D
calcOperationTime@secStart    cstackCOMRAM 000027
calcOperationTime@timeEnd     cstackCOMRAM 00001D
calcOperationTime@timeStart   cstackCOMRAM 00001B
checkValid@F3153              dataBANK1    000100
checkValid@F3158              bssCOMRAM    00005C
checkValid@F3160              mediumconst  00FEDE
checkValid@MAX_FASTENERS      cstackBANK0  0000E9
checkValid@fastenerSet        cstackBANK0  0000E4
checkValid@i                  cstackBANK0  0000FB
checkValid@inputScreenPos     cstackCOMRAM 000021
checkValid@inputs             cstackCOMRAM 000023
checkValid@numFasteners       cstackBANK0  0000F1
checkValid@numSetsPerStep     cstackBANK0  0000F9
checkValid@validFastenerSets  cstackBANK0  000080
dispRealTime@time             cstackCOMRAM 000041
end_of_initialization         cinit        0013E8
getDateTime@i                 cstackCOMRAM 00001A
getDateTime@time              cstackCOMRAM 000018
getInputs@inputs              cstackBANK0  0000FD
getInputs@keyCount            cstackBANK1  00016F
getInputs@keyPressed          cstackBANK1  000173
getInputs@screenPos           cstackBANK1  000171
getInputs@userTyping          cstackBANK1  00016E
getKeyPressed@currTimeTemp    cstackCOMRAM 00004F
getKeyPressed@i               cstackCOMRAM 000058
getKeyPressed@keypress        cstackCOMRAM 000056
getKeyPressed@lastTimeRefresh cstackCOMRAM 000048
getKeyPressed@shouldDispTime  cstackCOMRAM 000057
initOperation@inputs          cstackCOMRAM 000015
initStandby@inputs            cstackBANK1  000174
initStandby@keyPressed        cstackBANK1  000176
initStandby@onOptionScreen    cstackBANK1  000177
initStandby@opNotStarted      cstackBANK1  000178
int$flags                     temp         00006B
int_func                      intcode_body 000ED2
intlevel0                     text         000000
intlevel1                     text         000000
intlevel2                     text         000000
intlevel3                     text         000000
isdigit@c                     cstackCOMRAM 000017
lcdInst@data                  cstackCOMRAM 000017
lcdNibble@data                cstackCOMRAM 000016
lcdNibble@temp                cstackCOMRAM 000015
lcd_set_cursor@i              cstackCOMRAM 00001D
lcd_set_cursor@x              cstackCOMRAM 00001E
lcd_set_cursor@y              cstackCOMRAM 00001B
lcd_shift_cursor@direction    cstackCOMRAM 000018
lcd_shift_cursor@n            cstackCOMRAM 00001A
lcd_shift_cursor@numChars     cstackCOMRAM 000019
main@F3120                    dataBANK1    000164
main@F3122                    bssBANK1     00019F
main@inputs                   cstackBANK1  000191
main@numRemaining             cstackBANK1  000179
main@operationTime            cstackBANK1  00018F
main@timeEnd                  cstackBANK1  000188
main@timeStart                cstackBANK1  000181
printf@ap                     cstackCOMRAM 000037
printf@c                      cstackCOMRAM 00003E
printf@cp                     cstackCOMRAM 000032
printf@f                      cstackCOMRAM 000021
printf@flag                   cstackCOMRAM 00003B
printf@idx                    cstackCOMRAM 000031
printf@len                    cstackCOMRAM 000034
printf@prec                   cstackCOMRAM 000036
printf@val                    cstackCOMRAM 000039
printf@width                  cstackCOMRAM 00003C
putch@data                    cstackCOMRAM 000017
retrieveResults@inputs        cstackCOMRAM 000015
retrieveResults@logOption     cstackCOMRAM 00001D
retrieveResults@numRemaining  cstackCOMRAM 000017
retrieveResults@operationTime cstackCOMRAM 000019
retrieveResults@timeEnd       cstackCOMRAM 00001B
showLogs@F3187                dataCOMRAM   000065
showLogs@F3189                bssBANK1     000197
showLogs@inputs               cstackBANK0  00008F
showLogs@keyPressed           cstackBANK0  0000A0
showLogs@numRemaining         cstackBANK0  000095
showLogs@onOptionScreen       cstackBANK0  00009D
showLogs@operationTime        cstackBANK0  00009E
showLogs@timeEnd              cstackBANK0  000088
showResults@i                 cstackBANK0  000086
showResults@inputs            cstackBANK0  000080
showResults@numRemaining      cstackBANK0  000082
showResults@operationTime     cstackBANK0  000084
stackhi                       (abs)        000F7F
stacklo                       (abs)        0001A7
start                         init         00000E
start_initialization          cinit        001390
strcmp@r                      cstackCOMRAM 000020
strcmp@s1                     cstackCOMRAM 00001B
strcmp@s2                     cstackCOMRAM 00001D
wtemp6                        temp         00006C


FUNCTION INFORMATION:

 *************** function _main *****************
 Defined at:
		line 27 in file "main.c"
 Parameters:    Size  Location     Type
		None
 Auto vars:     Size  Location     Type
  numRemaining    8   15[BANK1 ] unsigned short [4]
  timeEnd         7   30[BANK1 ] unsigned char [7]
  timeStart       7   23[BANK1 ] unsigned char [7]
  inputs          6   39[BANK1 ] unsigned char [6]
  operationTim    2   37[BANK1 ] unsigned short 
 Return value:  Size  Location     Type
                  1    wreg      void 
 Registers used:
		wreg, fsr1l, fsr1h, fsr2l, fsr2h, status,2, status,0, tblptrl, tblptrh, tblptru, prodl, prodh, cstack
 Tracked objects:
		On entry : 
		On exit  : 
		Unchanged: 
 Data sizes:     COMRAM   BANK0   BANK1   BANK2   BANK3   BANK4   BANK5   BANK6   BANK7   BANK8   BANK9  BANK10  BANK11  BANK12  BANK13  BANK14  BANK15
      Params:         0       0       0       0       0       0       0       0       0       0       0       0       0       0       0       0       0
      Locals:         0       0      30       0       0       0       0       0       0       0       0       0       0       0       0       0       0
      Temps:          0       0       0       0       0       0       0       0       0       0       0       0       0       0       0       0       0
      Totals:         0       0      30       0       0       0       0       0       0       0       0       0       0       0       0       0       0
Total ram usage:       30 bytes
 Hardware stack levels required when called:    9
 This function calls:
		_calcOperationTime
		_getDateTime
		_initOperation
		_initStandby
		_showResults
 This function is called by:
		Startup code after reset
 This function uses a non-reentrant model


 *************** function _initStandby *****************
 Defined at:
		line 244 in file "standbyInterface.c"
 Parameters:    Size  Location     Type
  inputs          2   10[BANK1 ] PTR unsigned char 
		 -> main@inputs(6), 
 Auto vars:     Size  Location     Type
  opNotStarted    1   14[BANK1 ] enum E3086
  onOptionScre    1   13[BANK1 ] enum E3086
  keyPressed      1   12[BANK1 ] unsigned char 
 Return value:  Size  Location     Type
                  1    wreg      void 
 Registers used:
		wreg, fsr1l, fsr1h, fsr2l, fsr2h, status,2, status,0, tblptrl, tblptrh, tblptru, prodl, prodh, cstack
 Tracked objects:
		On entry : 
		On exit  : 
		Unchanged: 
 Data sizes:     COMRAM   BANK0   BANK1   BANK2   BANK3   BANK4   BANK5   BANK6   BANK7   BANK8   BANK9  BANK10  BANK11  BANK12  BANK13  BANK14  BANK15
      Params:         0       0       2       0       0       0       0       0       0       0       0       0       0       0       0       0       0
      Locals:         0       0       3       0       0       0       0       0       0       0       0       0       0       0       0       0       0
      Temps:          0       1       0       0       0       0       0       0       0       0       0       0       0       0       0       0       0
      Totals:         0       1       5       0       0       0       0       0       0       0       0       0       0       0       0       0       0
Total ram usage:        6 bytes
 Hardware stack levels used:    1
 Hardware stack levels required when called:    8
 This function calls:
		_getInputs
		_getKeyPressed
		_initLCD
		_initRTC
		_lcdInst
		_printf
		_showLogs
 This function is called by:
		_main
 This function uses a non-reentrant model


 *************** function _showLogs *****************
 Defined at:
		line 339 in file "standbyInterface.c"
 Parameters:    Size  Location     Type
		None
 Auto vars:     Size  Location     Type
  numRemaining    8   21[BANK0 ] unsigned short [4]
  timeEnd         7    8[BANK0 ] unsigned char [7]
  inputs          6   15[BANK0 ] unsigned char [6]
  operationTim    2   30[BANK0 ] unsigned short 
  keyPressed      1   32[BANK0 ] unsigned char 
  onOptionScre    1   29[BANK0 ] enum E3086
 Return value:  Size  Location     Type
                  1    wreg      void 
 Registers used:
		wreg, fsr1l, fsr1h, fsr2l, fsr2h, status,2, status,0, tblptrl, tblptrh, tblptru, prodl, prodh, cstack
 Tracked objects:
		On entry : 
		On exit  : 
		Unchanged: 
 Data sizes:     COMRAM   BANK0   BANK1   BANK2   BANK3   BANK4   BANK5   BANK6   BANK7   BANK8   BANK9  BANK10  BANK11  BANK12  BANK13  BANK14  BANK15
      Params:         0       0       0       0       0       0       0       0       0       0       0       0       0       0       0       0       0
      Locals:         0      25       0       0       0       0       0       0       0       0       0       0       0       0       0       0       0
      Temps:          1       0       0       0       0       0       0       0       0       0       0       0       0       0       0       0       0
      Totals:         1      25       0       0       0       0       0       0       0       0       0       0       0       0       0       0       0
Total ram usage:       26 bytes
 Hardware stack levels used:    1
 Hardware stack levels required when called:    7
 This function calls:
		_getKeyPressed
		_lcdInst
		_printf
		_retrieveResults
		_showResults
 This function is called by:
		_initStandby
 This function uses a non-reentrant model


 *************** function _showResults *****************
 Defined at:
		line 309 in file "standbyInterface.c"
 Parameters:    Size  Location     Type
  inputs          2    0[BANK0 ] PTR unsigned char 
		 -> showLogs@inputs(6), main@inputs(6), 
  numRemaining    2    2[BANK0 ] PTR unsigned short 
		 -> showLogs@numRemaining(8), main@numRemaining(8), 
  operationTim    2    4[BANK0 ] unsigned short 
 Auto vars:     Size  Location     Type
  i               2    6[BANK0 ] int 
 Return value:  Size  Location     Type
                  1    wreg      void 
 Registers used:
		wreg, fsr1l, fsr1h, fsr2l, fsr2h, status,2, status,0, tblptrl, tblptrh, tblptru, prodl, prodh, cstack
 Tracked objects:
		On entry : 
		On exit  : 
		Unchanged: 
 Data sizes:     COMRAM   BANK0   BANK1   BANK2   BANK3   BANK4   BANK5   BANK6   BANK7   BANK8   BANK9  BANK10  BANK11  BANK12  BANK13  BANK14  BANK15
      Params:         0       6       0       0       0       0       0       0       0       0       0       0       0       0       0       0       0
      Locals:         0       2       0       0       0       0       0       0       0       0       0       0       0       0       0       0       0
      Temps:          1       0       0       0       0       0       0       0       0       0       0       0       0       0       0       0       0
      Totals:         1       8       0       0       0       0       0       0       0       0       0       0       0       0       0       0       0
Total ram usage:        9 bytes
 Hardware stack levels used:    1
 Hardware stack levels required when called:    6
 This function calls:
		_getKeyPressed
		_lcdInst
		_printf
		_putch
 This function is called by:
		_main
		_showLogs
 This function uses a non-reentrant model


 *************** function _retrieveResults *****************
 Defined at:
		line 34 in file "logMemory.c"
 Parameters:    Size  Location     Type
  inputs          2   20[COMRAM] PTR unsigned char 
		 -> showLogs@inputs(6), 
  numRemaining    2   22[COMRAM] PTR unsigned short 
		 -> showLogs@numRemaining(8), 
  operationTim    2   24[COMRAM] PTR unsigned short 
		 -> RAM(3967), 
  timeEnd         2   26[COMRAM] PTR unsigned char 
		 -> showLogs@timeEnd(7), 
  logOption       1   28[COMRAM] unsigned char 
 Auto vars:     Size  Location     Type
		None
 Return value:  Size  Location     Type
                  1    wreg      void 
 Registers used:
		None
 Tracked objects:
		On entry : 
		On exit  : 
		Unchanged: 
 Data sizes:     COMRAM   BANK0   BANK1   BANK2   BANK3   BANK4   BANK5   BANK6   BANK7   BANK8   BANK9  BANK10  BANK11  BANK12  BANK13  BANK14  BANK15
      Params:         9       0       0       0       0       0       0       0       0       0       0       0       0       0       0       0       0
      Locals:         0       0       0       0       0       0       0       0       0       0       0       0       0       0       0       0       0
      Temps:          0       0       0       0       0       0       0       0       0       0       0       0       0       0       0       0       0
      Totals:         9       0       0       0       0       0       0       0       0       0       0       0       0       0       0       0       0
Total ram usage:        9 bytes
 Hardware stack levels used:    1
 Hardware stack levels required when called:    1
 This function calls:
		Nothing
 This function is called by:
		_showLogs
 This function uses a non-reentrant model


 *************** function _initRTC *****************
 Defined at:
		line 20 in file "RTC.c"
 Parameters:    Size  Location     Type
		None
 Auto vars:     Size  Location     Type
		None
 Return value:  Size  Location     Type
                  1    wreg      void 
 Registers used:
		wreg, status,2, status,0, cstack
 Tracked objects:
		On entry : 
		On exit  : 
		Unchanged: 
 Data sizes:     COMRAM   BANK0   BANK1   BANK2   BANK3   BANK4   BANK5   BANK6   BANK7   BANK8   BANK9  BANK10  BANK11  BANK12  BANK13  BANK14  BANK15
      Params:         0       0       0       0       0       0       0       0       0       0       0       0       0       0       0       0       0
      Locals:         0       0       0       0       0       0       0       0       0       0       0       0       0       0       0       0       0
      Temps:          0       0       0       0       0       0       0       0       0       0       0       0       0       0       0       0       0
      Totals:         0       0       0       0       0       0       0       0       0       0       0       0       0       0       0       0       0
Total ram usage:        0 bytes
 Hardware stack levels used:    1
 Hardware stack levels required when called:    3
 This function calls:
		_I2C_Master_Init
 This function is called by:
		_initStandby
 This function uses a non-reentrant model


 *************** function _I2C_Master_Init *****************
 Defined at:
		line 14 in file "I2C.c"
 Parameters:    Size  Location     Type
  clockFreq       4   33[COMRAM] const unsigned long 
 Auto vars:     Size  Location     Type
		None
 Return value:  Size  Location     Type
                  1    wreg      void 
 Registers used:
		wreg, status,2, status,0, cstack
 Tracked objects:
		On entry : 
		On exit  : 
		Unchanged: 
 Data sizes:     COMRAM   BANK0   BANK1   BANK2   BANK3   BANK4   BANK5   BANK6   BANK7   BANK8   BANK9  BANK10  BANK11  BANK12  BANK13  BANK14  BANK15
      Params:         4       0       0       0       0       0       0       0       0       0       0       0       0       0       0       0       0
      Locals:         0       0       0       0       0       0       0       0       0       0       0       0       0       0       0       0       0
      Temps:          4       0       0       0       0       0       0       0       0       0       0       0       0       0       0       0       0
      Totals:         8       0       0       0       0       0       0       0       0       0       0       0       0       0       0       0       0
Total ram usage:        8 bytes
 Hardware stack levels used:    1
 Hardware stack levels required when called:    2
 This function calls:
		___lldiv
 This function is called by:
		_initRTC
 This function uses a non-reentrant model


 *************** function ___lldiv *****************
 Defined at:
		line 8 in file "C:\Program Files (x86)\Microchip\xc8\v1.45\sources\common\lldiv.c"
 Parameters:    Size  Location     Type
  dividend        4   20[COMRAM] unsigned long 
  divisor         4   24[COMRAM] unsigned long 
 Auto vars:     Size  Location     Type
  quotient        4   28[COMRAM] unsigned long 
  counter         1   32[COMRAM] unsigned char 
 Return value:  Size  Location     Type
                  4   20[COMRAM] unsigned long 
 Registers used:
		wreg, status,2, status,0
 Tracked objects:
		On entry : 
		On exit  : 
		Unchanged: 
 Data sizes:     COMRAM   BANK0   BANK1   BANK2   BANK3   BANK4   BANK5   BANK6   BANK7   BANK8   BANK9  BANK10  BANK11  BANK12  BANK13  BANK14  BANK15
      Params:         8       0       0       0       0       0       0       0       0       0       0       0       0       0       0       0       0
      Locals:         5       0       0       0       0       0       0       0       0       0       0       0       0       0       0       0       0
      Temps:          0       0       0       0       0       0       0       0       0       0       0       0       0       0       0       0       0
      Totals:        13       0       0       0       0       0       0       0       0       0       0       0       0       0       0       0       0
Total ram usage:       13 bytes
 Hardware stack levels used:    1
 Hardware stack levels required when called:    1
 This function calls:
		Nothing
 This function is called by:
		_I2C_Master_Init
 This function uses a non-reentrant model


 *************** function _initLCD *****************
 Defined at:
		line 63 in file "lcd.c"
 Parameters:    Size  Location     Type
		None
 Auto vars:     Size  Location     Type
		None
 Return value:  Size  Location     Type
                  1    wreg      void 
 Registers used:
		wreg, status,2, status,0, cstack
 Tracked objects:
		On entry : 
		On exit  : 
		Unchanged: 
 Data sizes:     COMRAM   BANK0   BANK1   BANK2   BANK3   BANK4   BANK5   BANK6   BANK7   BANK8   BANK9  BANK10  BANK11  BANK12  BANK13  BANK14  BANK15
      Params:         0       0       0       0       0       0       0       0       0       0       0       0       0       0       0       0       0
      Locals:         0       0       0       0       0       0       0       0       0       0       0       0       0       0       0       0       0
      Temps:          1       0       0       0       0       0       0       0       0       0       0       0       0       0       0       0       0
      Totals:         1       0       0       0       0       0       0       0       0       0       0       0       0       0       0       0       0
Total ram usage:        1 bytes
 Hardware stack levels used:    1
 Hardware stack levels required when called:    3
 This function calls:
		_lcdInst
 This function is called by:
		_initStandby
 This function uses a non-reentrant model


 *************** function _getInputs *****************
 Defined at:
		line 183 in file "standbyInterface.c"
 Parameters:    Size  Location     Type
  inputs          2  125[BANK0 ] PTR unsigned char 
		 -> main@inputs(6), 
 Auto vars:     Size  Location     Type
  screenPos       2    7[BANK1 ] unsigned short 
  keyCount        2    5[BANK1 ] unsigned short 
  keyPressed      1    9[BANK1 ] unsigned char 
  userTyping      1    4[BANK1 ] enum E3086
 Return value:  Size  Location     Type
                  1    wreg      void 
 Registers used:
		wreg, fsr1l, fsr1h, fsr2l, fsr2h, status,2, status,0, tblptrl, tblptrh, tblptru, prodl, prodh, cstack
 Tracked objects:
		On entry : 
		On exit  : 
		Unchanged: 
 Data sizes:     COMRAM   BANK0   BANK1   BANK2   BANK3   BANK4   BANK5   BANK6   BANK7   BANK8   BANK9  BANK10  BANK11  BANK12  BANK13  BANK14  BANK15
      Params:         0       2       0       0       0       0       0       0       0       0       0       0       0       0       0       0       0
      Locals:         0       0       6       0       0       0       0       0       0       0       0       0       0       0       0       0       0
      Temps:          0       0       4       0       0       0       0       0       0       0       0       0       0       0       0       0       0
      Totals:         0       2      10       0       0       0       0       0       0       0       0       0       0       0       0       0       0
Total ram usage:       12 bytes
 Hardware stack levels used:    1
 Hardware stack levels required when called:    7
 This function calls:
		_checkValid
		_errScreen
		_getKeyPressed
		_lcdInst
		_printf
		_putch
 This function is called by:
		_initStandby
 This function uses a non-reentrant model


 *************** function _errScreen *****************
 Defined at:
		line 87 in file "standbyInterface.c"
 Parameters:    Size  Location     Type
		None
 Auto vars:     Size  Location     Type
		None
 Return value:  Size  Location     Type
                  1    wreg      void 
 Registers used:
		wreg, fsr1l, fsr1h, fsr2l, fsr2h, status,2, status,0, tblptrl, tblptrh, tblptru, prodl, prodh, cstack
 Tracked objects:
		On entry : 
		On exit  : 
		Unchanged: 
 Data sizes:     COMRAM   BANK0   BANK1   BANK2   BANK3   BANK4   BANK5   BANK6   BANK7   BANK8   BANK9  BANK10  BANK11  BANK12  BANK13  BANK14  BANK15
      Params:         0       0       0       0       0       0       0       0       0       0       0       0       0       0       0       0       0
      Locals:         0       0       0       0       0       0       0       0       0       0       0       0       0       0       0       0       0
      Temps:          1       0       0       0       0       0       0       0       0       0       0       0       0       0       0       0       0
      Totals:         1       0       0       0       0       0       0       0       0       0       0       0       0       0       0       0       0
Total ram usage:        1 bytes
 Hardware stack levels used:    1
 Hardware stack levels required when called:    6
 This function calls:
		_getKeyPressed
		_lcdInst
		_printf
 This function is called by:
		_getInputs
 This function uses a non-reentrant model


 *************** function _getKeyPressed *****************
 Defined at:
		line 28 in file "standbyInterface.c"
 Parameters:    Size  Location     Type
  shouldDispTi    1    wreg     enum E3086
 Auto vars:     Size  Location     Type
  shouldDispTi    1   86[COMRAM] enum E3086
  currTimeTemp    7   78[COMRAM] unsigned char [7]
  lastTimeRefr    7   71[COMRAM] unsigned char [7]
  i               2   87[COMRAM] int 
  keypress        1   85[COMRAM] unsigned char 
 Return value:  Size  Location     Type
                  1    wreg      unsigned char 
 Registers used:
		wreg, fsr1l, fsr1h, fsr2l, fsr2h, status,2, status,0, tblptrl, tblptrh, tblptru, prodl, prodh, cstack
 Tracked objects:
		On entry : 
		On exit  : 
		Unchanged: 
 Data sizes:     COMRAM   BANK0   BANK1   BANK2   BANK3   BANK4   BANK5   BANK6   BANK7   BANK8   BANK9  BANK10  BANK11  BANK12  BANK13  BANK14  BANK15
      Params:         0       0       0       0       0       0       0       0       0       0       0       0       0       0       0       0       0
      Locals:        18       0       0       0       0       0       0       0       0       0       0       0       0       0       0       0       0
      Temps:          0       0       0       0       0       0       0       0       0       0       0       0       0       0       0       0       0
      Totals:        18       0       0       0       0       0       0       0       0       0       0       0       0       0       0       0       0
Total ram usage:       18 bytes
 Hardware stack levels used:    1
 Hardware stack levels required when called:    5
 This function calls:
		___ftge
		___lwtoft
		_calcOperationTime
		_dispRealTime
		_getDateTime
		_lcd_set_cursor
 This function is called by:
		_errScreen
		_getInputs
		_initStandby
		_showResults
		_showLogs
 This function uses a non-reentrant model


 *************** function _lcd_set_cursor *****************
 Defined at:
		line 83 in file "lcd.c"
 Parameters:    Size  Location     Type
  x               1    wreg     unsigned char 
  y               1   26[COMRAM] unsigned char 
 Auto vars:     Size  Location     Type
  x               1   29[COMRAM] unsigned char 
  i               1   28[COMRAM] unsigned char 
 Return value:  Size  Location     Type
                  1    wreg      void 
 Registers used:
		wreg, status,2, status,0, cstack
 Tracked objects:
		On entry : 
		On exit  : 
		Unchanged: 
 Data sizes:     COMRAM   BANK0   BANK1   BANK2   BANK3   BANK4   BANK5   BANK6   BANK7   BANK8   BANK9  BANK10  BANK11  BANK12  BANK13  BANK14  BANK15
      Params:         1       0       0       0       0       0       0       0       0       0       0       0       0       0       0       0       0
      Locals:         2       0       0       0       0       0       0       0       0       0       0       0       0       0       0       0       0
      Temps:          1       0       0       0       0       0       0       0       0       0       0       0       0       0       0       0       0
      Totals:         4       0       0       0       0       0       0       0       0       0       0       0       0       0       0       0       0
Total ram usage:        4 bytes
 Hardware stack levels used:    1
 Hardware stack levels required when called:    4
 This function calls:
		_lcdInst
		_lcd_shift_cursor
 This function is called by:
		_getKeyPressed
 This function uses a non-reentrant model


 *************** function _lcd_shift_cursor *****************
 Defined at:
		line 100 in file "lcd.c"
 Parameters:    Size  Location     Type
  numChars        1    wreg     unsigned char 
  direction       1   23[COMRAM] unsigned char 
 Auto vars:     Size  Location     Type
  numChars        1   24[COMRAM] unsigned char 
  n               1   25[COMRAM] unsigned char 
 Return value:  Size  Location     Type
                  1    wreg      void 
 Registers used:
		wreg, status,2, status,0, cstack
 Tracked objects:
		On entry : 
		On exit  : 
		Unchanged: 
 Data sizes:     COMRAM   BANK0   BANK1   BANK2   BANK3   BANK4   BANK5   BANK6   BANK7   BANK8   BANK9  BANK10  BANK11  BANK12  BANK13  BANK14  BANK15
      Params:         1       0       0       0       0       0       0       0       0       0       0       0       0       0       0       0       0
      Locals:         2       0       0       0       0       0       0       0       0       0       0       0       0       0       0       0       0
      Temps:          0       0       0       0       0       0       0       0       0       0       0       0       0       0       0       0       0
      Totals:         3       0       0       0       0       0       0       0       0       0       0       0       0       0       0       0       0
Total ram usage:        3 bytes
 Hardware stack levels used:    1
 Hardware stack levels required when called:    3
 This function calls:
		_lcdInst
 This function is called by:
		_lcd_set_cursor
 This function uses a non-reentrant model


 *************** function _dispRealTime *****************
 Defined at:
		line 77 in file "standbyInterface.c"
 Parameters:    Size  Location     Type
		None
 Auto vars:     Size  Location     Type
  time            7   64[COMRAM] unsigned char [7]
 Return value:  Size  Location     Type
                  1    wreg      void 
 Registers used:
		wreg, fsr2l, fsr2h, status,2, status,0, tblptrl, tblptrh, tblptru, prodl, prodh, cstack
 Tracked objects:
		On entry : 
		On exit  : 
		Unchanged: 
 Data sizes:     COMRAM   BANK0   BANK1   BANK2   BANK3   BANK4   BANK5   BANK6   BANK7   BANK8   BANK9  BANK10  BANK11  BANK12  BANK13  BANK14  BANK15
      Params:         0       0       0       0       0       0       0       0       0       0       0       0       0       0       0       0       0
      Locals:         7       0       0       0       0       0       0       0       0       0       0       0       0       0       0       0       0
      Temps:          2       0       0       0       0       0       0       0       0       0       0       0       0       0       0       0       0
      Totals:         9       0       0       0       0       0       0       0       0       0       0       0       0       0       0       0       0
Total ram usage:        9 bytes
 Hardware stack levels used:    1
 Hardware stack levels required when called:    4
 This function calls:
		_getDateTime
		_lcdInst
		_printf
 This function is called by:
		_getKeyPressed
 This function uses a non-reentrant model


 *************** function _printf *****************
 Defined at:
		line 464 in file "C:\Program Files (x86)\Microchip\xc8\v1.45\sources\common\doprnt.c"
 Parameters:    Size  Location     Type
  f               2   32[COMRAM] PTR const unsigned char 
		 -> STR_18(16), STR_17(15), STR_16(15), STR_15(15), 
		 -> STR_14(16), STR_13(5), STR_12(9), STR_11(13), 
		 -> STR_10(16), STR_9(13), STR_8(16), STR_7(11), 
		 -> STR_6(11), STR_5(15), STR_4(17), STR_3(6), 
		 -> STR_2(15), STR_1(27), 
 Auto vars:     Size  Location     Type
  idx             1   48[COMRAM] unsigned char 
  tmpval          4    0        struct .
  width           2   59[COMRAM] int 
  val             2   56[COMRAM] unsigned int 
  ap              2   54[COMRAM] PTR void [1]
		 -> ?_printf(2), 
  len             2   51[COMRAM] unsigned int 
  cp              2   49[COMRAM] PTR const unsigned char 
		 -> printf@c(1), 
  c               1   61[COMRAM] char 
  flag            1   58[COMRAM] unsigned char 
  prec            1   53[COMRAM] char 
 Return value:  Size  Location     Type
                  2   32[COMRAM] int 
 Registers used:
		wreg, fsr2l, fsr2h, status,2, status,0, tblptrl, tblptrh, tblptru, prodl, prodh, cstack
 Tracked objects:
		On entry : 
		On exit  : 
		Unchanged: 
 Data sizes:     COMRAM   BANK0   BANK1   BANK2   BANK3   BANK4   BANK5   BANK6   BANK7   BANK8   BANK9  BANK10  BANK11  BANK12  BANK13  BANK14  BANK15
      Params:        12       0       0       0       0       0       0       0       0       0       0       0       0       0       0       0       0
      Locals:        14       0       0       0       0       0       0       0       0       0       0       0       0       0       0       0       0
      Temps:          4       0       0       0       0       0       0       0       0       0       0       0       0       0       0       0       0
      Totals:        30       0       0       0       0       0       0       0       0       0       0       0       0       0       0       0       0
Total ram usage:       30 bytes
 Hardware stack levels used:    1
 Hardware stack levels required when called:    3
 This function calls:
		___lwdiv
		___lwmod
		___wmul
		_isdigit
		_putch
 This function is called by:
		_dispRealTime
		_errScreen
		_getInputs
		_initStandby
		_showResults
		_showLogs
 This function uses a non-reentrant model


 *************** function _putch *****************
 Defined at:
		line 27 in file "lcd.c"
 Parameters:    Size  Location     Type
  data            1    wreg     unsigned char 
 Auto vars:     Size  Location     Type
  data            1   22[COMRAM] unsigned char 
 Return value:  Size  Location     Type
                  1    wreg      void 
 Registers used:
		wreg, status,2, status,0, cstack
 Tracked objects:
		On entry : 
		On exit  : 
		Unchanged: 
 Data sizes:     COMRAM   BANK0   BANK1   BANK2   BANK3   BANK4   BANK5   BANK6   BANK7   BANK8   BANK9  BANK10  BANK11  BANK12  BANK13  BANK14  BANK15
      Params:         0       0       0       0       0       0       0       0       0       0       0       0       0       0       0       0       0
      Locals:         1       0       0       0       0       0       0       0       0       0       0       0       0       0       0       0       0
      Temps:          0       0       0       0       0       0       0       0       0       0       0       0       0       0       0       0       0
      Totals:         1       0       0       0       0       0       0       0       0       0       0       0       0       0       0       0       0
Total ram usage:        1 bytes
 Hardware stack levels used:    1
 Hardware stack levels required when called:    2
 This function calls:
		_lcdNibble
 This function is called by:
		_getInputs
		_showResults
		_printf
 This function uses a non-reentrant model


 *************** function _isdigit *****************
 Defined at:
		line 8 in file "C:\Program Files (x86)\Microchip\xc8\v1.45\sources\common\isdigit.c"
 Parameters:    Size  Location     Type
  c               1    wreg     unsigned char 
 Auto vars:     Size  Location     Type
  c               1   22[COMRAM] unsigned char 
 Return value:  Size  Location     Type
		None               void
 Registers used:
		wreg, status,2, status,0
 Tracked objects:
		On entry : 
		On exit  : 
		Unchanged: 
 Data sizes:     COMRAM   BANK0   BANK1   BANK2   BANK3   BANK4   BANK5   BANK6   BANK7   BANK8   BANK9  BANK10  BANK11  BANK12  BANK13  BANK14  BANK15
      Params:         0       0       0       0       0       0       0       0       0       0       0       0       0       0       0       0       0
      Locals:         2       0       0       0       0       0       0       0       0       0       0       0       0       0       0       0       0
      Temps:          1       0       0       0       0       0       0       0       0       0       0       0       0       0       0       0       0
      Totals:         3       0       0       0       0       0       0       0       0       0       0       0       0       0       0       0       0
Total ram usage:        3 bytes
 Hardware stack levels used:    1
 Hardware stack levels required when called:    1
 This function calls:
		Nothing
 This function is called by:
		_printf
 This function uses a non-reentrant model


 *************** function ___lwmod *****************
 Defined at:
		line 8 in file "C:\Program Files (x86)\Microchip\xc8\v1.45\sources\common\lwmod.c"
 Parameters:    Size  Location     Type
  dividend        2   27[COMRAM] unsigned int 
  divisor         2   29[COMRAM] unsigned int 
 Auto vars:     Size  Location     Type
  counter         1   31[COMRAM] unsigned char 
 Return value:  Size  Location     Type
                  2   27[COMRAM] unsigned int 
 Registers used:
		wreg, status,2, status,0
 Tracked objects:
		On entry : 
		On exit  : 
		Unchanged: 
 Data sizes:     COMRAM   BANK0   BANK1   BANK2   BANK3   BANK4   BANK5   BANK6   BANK7   BANK8   BANK9  BANK10  BANK11  BANK12  BANK13  BANK14  BANK15
      Params:         4       0       0       0       0       0       0       0       0       0       0       0       0       0       0       0       0
      Locals:         1       0       0       0       0       0       0       0       0       0       0       0       0       0       0       0       0
      Temps:          0       0       0       0       0       0       0       0       0       0       0       0       0       0       0       0       0
      Totals:         5       0       0       0       0       0       0       0       0       0       0       0       0       0       0       0       0
Total ram usage:        5 bytes
 Hardware stack levels used:    1
 Hardware stack levels required when called:    1
 This function calls:
		Nothing
 This function is called by:
		_printf
 This function uses a non-reentrant model


 *************** function ___lwdiv *****************
 Defined at:
		line 8 in file "C:\Program Files (x86)\Microchip\xc8\v1.45\sources\common\lwdiv.c"
 Parameters:    Size  Location     Type
  dividend        2   20[COMRAM] unsigned int 
  divisor         2   22[COMRAM] unsigned int 
 Auto vars:     Size  Location     Type
  quotient        2   25[COMRAM] unsigned int 
  counter         1   24[COMRAM] unsigned char 
 Return value:  Size  Location     Type
                  2   20[COMRAM] unsigned int 
 Registers used:
		wreg, status,2, status,0
 Tracked objects:
		On entry : 
		On exit  : 
		Unchanged: 
 Data sizes:     COMRAM   BANK0   BANK1   BANK2   BANK3   BANK4   BANK5   BANK6   BANK7   BANK8   BANK9  BANK10  BANK11  BANK12  BANK13  BANK14  BANK15
      Params:         4       0       0       0       0       0       0       0       0       0       0       0       0       0       0       0       0
      Locals:         3       0       0       0       0       0       0       0       0       0       0       0       0       0       0       0       0
      Temps:          0       0       0       0       0       0       0       0       0       0       0       0       0       0       0       0       0
      Totals:         7       0       0       0       0       0       0       0       0       0       0       0       0       0       0       0       0
Total ram usage:        7 bytes
 Hardware stack levels used:    1
 Hardware stack levels required when called:    1
 This function calls:
		Nothing
 This function is called by:
		_printf
 This function uses a non-reentrant model


 *************** function _lcdInst *****************
 Defined at:
		line 14 in file "lcd.c"
 Parameters:    Size  Location     Type
  data            1    wreg     unsigned char 
 Auto vars:     Size  Location     Type
  data            1   22[COMRAM] unsigned char 
 Return value:  Size  Location     Type
                  1    wreg      void 
 Registers used:
		wreg, status,2, status,0, cstack
 Tracked objects:
		On entry : 
		On exit  : 
		Unchanged: 
 Data sizes:     COMRAM   BANK0   BANK1   BANK2   BANK3   BANK4   BANK5   BANK6   BANK7   BANK8   BANK9  BANK10  BANK11  BANK12  BANK13  BANK14  BANK15
      Params:         0       0       0       0       0       0       0       0       0       0       0       0       0       0       0       0       0
      Locals:         1       0       0       0       0       0       0       0       0       0       0       0       0       0       0       0       0
      Temps:          0       0       0       0       0       0       0       0       0       0       0       0       0       0       0       0       0
      Totals:         1       0       0       0       0       0       0       0       0       0       0       0       0       0       0       0       0
Total ram usage:        1 bytes
 Hardware stack levels used:    1
 Hardware stack levels required when called:    2
 This function calls:
		_lcdNibble
 This function is called by:
		_initLCD
		_lcd_set_cursor
		_lcd_shift_cursor
		_dispRealTime
		_errScreen
		_getInputs
		_initStandby
		_showResults
[...]
		None
 Auto vars:     Size  Location     Type
		None
 Return value:  Size  Location     Type
                  1    wreg      void 
 Registers used:
		wreg, status,2, status,0
 Tracked objects:
		On entry : 
		On exit  : 
		Unchanged: 
 Data sizes:     COMRAM   BANK0   BANK1   BANK2   BANK3   BANK4   BANK5   BANK6   BANK7   BANK8   BANK9  BANK10  BANK11  BANK12  BANK13  BANK14  BANK15
      Params:         0       0       0       0       0       0       0       0       0       0       0       0       0       0       0       0       0
      Locals:         0       0       0       0       0       0       0       0       0       0       0       0       0       0       0       0       0
      Temps:          1       0       0       0       0       0       0       0       0       0       0       0       0       0       0       0       0
      Totals:         1       0       0       0       0       0       0       0       0       0       0       0       0       0       0       0       0
Total ram usage:        1 bytes
 Hardware stack levels used:    1
 Hardware stack levels required when called:    1
 This function calls:
		Nothing
 This function is called by:
		_I2C_Master_Start
		_I2C_Master_Stop
		_I2C_Master_Write
		_I2C_Master_Read
		_I2C_Master_RepeatedStart
 This function uses a non-reentrant model


 *************** function _calcOperationTime *****************
 Defined at:
		line 16 in file "standbyInterface.c"
 Parameters:    Size  Location     Type
  timeStart       2   26[COMRAM] PTR unsigned char 
		 -> getKeyPressed@lastTimeRefresh(7), main@timeStart(7), 
  timeEnd         2   28[COMRAM] PTR unsigned char 
		 -> getKeyPressed@currTimeTemp(7), main@timeEnd(7), 
 Auto vars:     Size  Location     Type
  secEnd          2   44[COMRAM] unsigned short 
  minEnd          2   42[COMRAM] unsigned short 
  hourEnd         2   40[COMRAM] unsigned short 
  secStart        2   38[COMRAM] unsigned short 
  minStart        2   36[COMRAM] unsigned short 
  hourStart       2   34[COMRAM] unsigned short 
 Return value:  Size  Location     Type
                  2   26[COMRAM] unsigned short 
 Registers used:
		wreg, fsr2l, fsr2h, status,2, status,0, prodl, prodh, cstack
 Tracked objects:
		On entry : 
		On exit  : 
		Unchanged: 
 Data sizes:     COMRAM   BANK0   BANK1   BANK2   BANK3   BANK4   BANK5   BANK6   BANK7   BANK8   BANK9  BANK10  BANK11  BANK12  BANK13  BANK14  BANK15
      Params:         4       0       0       0       0       0       0       0       0       0       0       0       0       0       0       0       0
      Locals:        12       0       0       0       0       0       0       0       0       0       0       0       0       0       0       0       0
      Temps:          4       0       0       0       0       0       0       0       0       0       0       0       0       0       0       0       0
      Totals:        20       0       0       0       0       0       0       0       0       0       0       0       0       0       0       0       0
Total ram usage:       20 bytes
 Hardware stack levels used:    1
 Hardware stack levels required when called:    2
 This function calls:
		___wmul
 This function is called by:
		_main
		_getKeyPressed
 This function uses a non-reentrant model


 *************** function ___lwtoft *****************
 Defined at:
		line 28 in file "C:\Program Files (x86)\Microchip\xc8\v1.45\sources\common\lwtoft.c"
 Parameters:    Size  Location     Type
  c               2   46[COMRAM] unsigned int 
 Auto vars:     Size  Location     Type
		None
 Return value:  Size  Location     Type
                  3   46[COMRAM] float 
 Registers used:
		wreg, status,2, status,0, cstack
 Tracked objects:
		On entry : 
		On exit  : 
		Unchanged: 
 Data sizes:     COMRAM   BANK0   BANK1   BANK2   BANK3   BANK4   BANK5   BANK6   BANK7   BANK8   BANK9  BANK10  BANK11  BANK12  BANK13  BANK14  BANK15
      Params:         3       0       0       0       0       0       0       0       0       0       0       0       0       0       0       0       0
      Locals:         0       0       0       0       0       0       0       0       0       0       0       0       0       0       0       0       0
      Temps:          0       0       0       0       0       0       0       0       0       0       0       0       0       0       0       0       0
      Totals:         3       0       0       0       0       0       0       0       0       0       0       0       0       0       0       0       0
Total ram usage:        3 bytes
 Hardware stack levels used:    1
 Hardware stack levels required when called:    2
 This function calls:
		___ftpack
 This function is called by:
		_getKeyPressed
 This function uses a non-reentrant model


 *************** function ___ftpack *****************
 Defined at:
		line 62 in file "C:\Program Files (x86)\Microchip\xc8\v1.45\sources\common\float.c"
 Parameters:    Size  Location     Type
  arg             3   20[COMRAM] unsigned um
  exp             1   23[COMRAM] unsigned char 
  sign            1   24[COMRAM] unsigned char 
 Auto vars:     Size  Location     Type
		None
 Return value:  Size  Location     Type
                  3   20[COMRAM] float 
 Registers used:
		wreg, status,2, status,0
 Tracked objects:
		On entry : 
		On exit  : 
		Unchanged: 
 Data sizes:     COMRAM   BANK0   BANK1   BANK2   BANK3   BANK4   BANK5   BANK6   BANK7   BANK8   BANK9  BANK10  BANK11  BANK12  BANK13  BANK14  BANK15
      Params:         5       0       0       0       0       0       0       0       0       0       0       0       0       0       0       0       0
      Locals:         0       0       0       0       0       0       0       0       0       0       0       0       0       0       0       0       0
      Temps:          3       0       0       0       0       0       0       0       0       0       0       0       0       0       0       0       0
      Totals:         8       0       0       0       0       0       0       0       0       0       0       0       0       0       0       0       0
Total ram usage:        8 bytes
 Hardware stack levels used:    1
 Hardware stack levels required when called:    1
 This function calls:
		Nothing
 This function is called by:
		___lwtoft
 This function uses a non-reentrant model


 *************** function ___ftge *****************
 Defined at:
		line 4 in file "C:\Program Files (x86)\Microchip\xc8\v1.45\sources\common\ftge.c"
 Parameters:    Size  Location     Type
  ff1             3   49[COMRAM] float 
  ff2             3   52[COMRAM] float 
 Auto vars:     Size  Location     Type
		None
 Return value:  Size  Location     Type
		None               void
 Registers used:
		wreg, status,2, status,0
 Tracked objects:
		On entry : 
		On exit  : 
		Unchanged: 
 Data sizes:     COMRAM   BANK0   BANK1   BANK2   BANK3   BANK4   BANK5   BANK6   BANK7   BANK8   BANK9  BANK10  BANK11  BANK12  BANK13  BANK14  BANK15
      Params:         6       0       0       0       0       0       0       0       0       0       0       0       0       0       0       0       0
      Locals:         0       0       0       0       0       0       0       0       0       0       0       0       0       0       0       0       0
      Temps:          3       0       0       0       0       0       0       0       0       0       0       0       0       0       0       0       0
      Totals:         9       0       0       0       0       0       0       0       0       0       0       0       0       0       0       0       0
Total ram usage:        9 bytes
 Hardware stack levels used:    1
 Hardware stack levels required when called:    1
 This function calls:
		Nothing
 This function is called by:
		_getKeyPressed
 This function uses a non-reentrant model


 *************** function _checkValid *****************
 Defined at:
		line 112 in file "standbyInterface.c"
 Parameters:    Size  Location     Type
  inputScreenP    2   32[COMRAM] unsigned short 
  inputs          2   34[COMRAM] PTR unsigned char 
		 -> main@inputs(6), 
 Auto vars:     Size  Location     Type
  validFastene  100    0[BANK0 ] unsigned char [5][20]
  numFasteners    8  113[BANK0 ] unsigned short [4]
  MAX_FASTENER    8  105[BANK0 ] const unsigned int [4]
  fastenerSet     5  100[BANK0 ] unsigned char [5]
  i               2  123[BANK0 ] unsigned short 
  numSetsPerSt    2  121[BANK0 ] unsigned short 
 Return value:  Size  Location     Type
                  1    wreg      enum E3086
 Registers used:
		wreg, fsr1l, fsr1h, fsr2l, fsr2h, status,2, status,0, tblptrl, tblptrh, tblptru, prodl, prodh, cstack
 Tracked objects:
		On entry : 
		On exit  : 
		Unchanged: 
 Data sizes:     COMRAM   BANK0   BANK1   BANK2   BANK3   BANK4   BANK5   BANK6   BANK7   BANK8   BANK9  BANK10  BANK11  BANK12  BANK13  BANK14  BANK15
      Params:         4       0       0       0       0       0       0       0       0       0       0       0       0       0       0       0       0
      Locals:         0     125       0       0       0       0       0       0       0       0       0       0       0       0       0       0       0
      Temps:          2       0       0       0       0       0       0       0       0       0       0       0       0       0       0       0       0
      Totals:         6     125       0       0       0       0       0       0       0       0       0       0       0       0       0       0       0
Total ram usage:      131 bytes
 Hardware stack levels used:    1
 Hardware stack levels required when called:    2
 This function calls:
		___wmul
		_strcmp
 This function is called by:
		_getInputs
 This function uses a non-reentrant model


 *************** function _strcmp *****************
 Defined at:
		line 33 in file "C:\Program Files (x86)\Microchip\xc8\v1.45\sources\common\strcmp.c"
 Parameters:    Size  Location     Type
  s1              2   26[COMRAM] PTR const unsigned char 
		 -> checkValid@fastenerSet(5), 
  s2              2   28[COMRAM] PTR const unsigned char 
		 -> checkValid@validFastenerSets(100), 
 Auto vars:     Size  Location     Type
  r               1   31[COMRAM] char 
 Return value:  Size  Location     Type
                  2   26[COMRAM] int 
 Registers used:
		wreg, fsr2l, fsr2h, status,2, status,0
 Tracked objects:
		On entry : 
		On exit  : 
		Unchanged: 
 Data sizes:     COMRAM   BANK0   BANK1   BANK2   BANK3   BANK4   BANK5   BANK6   BANK7   BANK8   BANK9  BANK10  BANK11  BANK12  BANK13  BANK14  BANK15
      Params:         4       0       0       0       0       0       0       0       0       0       0       0       0       0       0       0       0
      Locals:         1       0       0       0       0       0       0       0       0       0       0       0       0       0       0       0       0
      Temps:          1       0       0       0       0       0       0       0       0       0       0       0       0       0       0       0       0
      Totals:         6       0       0       0       0       0       0       0       0       0       0       0       0       0       0       0       0
Total ram usage:        6 bytes
 Hardware stack levels used:    1
 Hardware stack levels required when called:    1
 This function calls:
		Nothing
 This function is called by:
		_checkValid
 This function uses a non-reentrant model


 *************** function ___wmul *****************
 Defined at:
		line 15 in file "C:\Program Files (x86)\Microchip\xc8\v1.45\sources\common\Umul16.c"
 Parameters:    Size  Location     Type
  multiplier      2   20[COMRAM] unsigned int 
  multiplicand    2   22[COMRAM] unsigned int 
 Auto vars:     Size  Location     Type
  product         2   24[COMRAM] unsigned int 
 Return value:  Size  Location     Type
                  2   20[COMRAM] unsigned int 
 Registers used:
		wreg, status,2, status,0, prodl, prodh
 Tracked objects:
		On entry : 
		On exit  : 
		Unchanged: 
 Data sizes:     COMRAM   BANK0   BANK1   BANK2   BANK3   BANK4   BANK5   BANK6   BANK7   BANK8   BANK9  BANK10  BANK11  BANK12  BANK13  BANK14  BANK15
      Params:         4       0       0       0       0       0       0       0       0       0       0       0       0       0       0       0       0
      Locals:         2       0       0       0       0       0       0       0       0       0       0       0       0       0       0       0       0
      Temps:          0       0       0       0       0       0       0       0       0       0       0       0       0       0       0       0       0
      Totals:         6       0       0       0       0       0       0       0       0       0       0       0       0       0       0       0       0
Total ram usage:        6 bytes
 Hardware stack levels used:    1
 Hardware stack levels required when called:    1
 This function calls:
		Nothing
 This function is called by:
		_calcOperationTime
		_checkValid
		_printf
 This function uses a non-reentrant model


 *************** function _initOperation *****************
 Defined at:
		line 22 in file "main.c"
 Parameters:    Size  Location     Type
  inputs          2   20[COMRAM] PTR unsigned char 
		 -> main@inputs(6), 
 Auto vars:     Size  Location     Type
		None
 Return value:  Size  Location     Type
                  1    wreg      void 
 Registers used:
		wreg
 Tracked objects:
		On entry : 
		On exit  : 
		Unchanged: 
 Data sizes:     COMRAM   BANK0   BANK1   BANK2   BANK3   BANK4   BANK5   BANK6   BANK7   BANK8   BANK9  BANK10  BANK11  BANK12  BANK13  BANK14  BANK15
      Params:         2       0       0       0       0       0       0       0       0       0       0       0       0       0       0       0       0
      Locals:         0       0       0       0       0       0       0       0       0       0       0       0       0       0       0       0       0
      Temps:          2       0       0       0       0       0       0       0       0       0       0       0       0       0       0       0       0
      Totals:         4       0       0       0       0       0       0       0       0       0       0       0       0       0       0       0       0
Total ram usage:        4 bytes
 Hardware stack levels used:    1
 Hardware stack levels required when called:    1
 This function calls:
		Nothing
 This function is called by:
		_main
 This function uses a non-reentrant model


 *************** function _interruptHandler *****************
 Defined at:
		line 93 in file "main.c"
 Parameters:    Size  Location     Type
		None
 Auto vars:     Size  Location     Type
		None
 Return value:  Size  Location     Type
                  1    wreg      void 
 Registers used:
		wreg, status,2, status,0
 Tracked objects:
		On entry : 
		On exit  : 
		Unchanged: 
 Data sizes:     COMRAM   BANK0   BANK1   BANK2   BANK3   BANK4   BANK5   BANK6   BANK7   BANK8   BANK9  BANK10  BANK11  BANK12  BANK13  BANK14  BANK15
      Params:         0       0       0       0       0       0       0       0       0       0       0       0       0       0       0       0       0
      Locals:         0       0       0       0       0       0       0       0       0       0       0       0       0       0       0       0       0
      Temps:         20       0       0       0       0       0       0       0       0       0       0       0       0       0       0       0       0
      Totals:        20       0       0       0       0       0       0       0       0       0       0       0       0       0       0       0       0
Total ram usage:       20 bytes
 Hardware stack levels used:    1
 This function calls:
		Nothing
 This function is called by:
		Interrupt level 2
 This function uses a non-reentrant model



MODULE INFORMATION

Module		Function		Class		Link	Load	Size
C:\Program Files (x86)\Microchip\xc8\v1.45\sources\common\float.c
		___ftpack      		CODE           	1076	0000	175

C:\Program Files (x86)\Microchip\xc8\v1.45\sources\common\float.c estimated size: 175

C:\Program Files (x86)\Microchip\xc8\v1.45\sources\common\doprnt.c
		_printf        		CODE           	0012	0000	917

C:\Program Files (x86)\Microchip\xc8\v1.45\sources\common\doprnt.c estimated size: 917

C:\Program Files (x86)\Microchip\xc8\v1.45\sources\common\Umul16.c
		___wmul        		CODE           	165E	0000	39

C:\Program Files (x86)\Microchip\xc8\v1.45\sources\common\Umul16.c estimated size: 39

standbyInterface.c
		_calcOperationTime		CODE           	081E	0000	507
		_errScreen     		CODE           	159A	0000	67
		_showResults   		CODE           	0B90	0000	349
		_getInputs     		CODE           	03A6	0000	605
		_dispRealTime  		CODE           	13F6	0000	101
		_showLogs      		CODE           	0DEE	0000	229
		_getKeyPressed 		CODE           	0A18	0000	377
		_checkValid    		CODE           	0602	0000	541
		_initStandby   		CODE           	0CEC	0000	259

standbyInterface.c estimated size: 3035

C:\Program Files (x86)\Microchip\xc8\v1.45\sources\common\ftge.c
		___ftge        		CODE           	1124	0000	145

C:\Program Files (x86)\Microchip\xc8\v1.45\sources\common\ftge.c estimated size: 145

I2C.c
		_I2C_Master_Read		CODE           	1684	0000	37
		_I2C_Master_Wait		CODE           	175E	0000	19
		_I2C_Master_Init		CODE           	145A	0000	93
		_I2C_Master_Stop		CODE           	177A	0000	9
		_I2C_Master_Write		CODE           	1770	0000	11
		_I2C_Master_Start		CODE           	1782	0000	9

I2C.c estimated size: 178

C:\Program Files (x86)\Microchip\xc8\v1.45\sources\common\isdigit.c
		_isdigit       		CODE           	16CC	0000	31

C:\Program Files (x86)\Microchip\xc8\v1.45\sources\common\isdigit.c estimated size: 31

C:\Program Files (x86)\Microchip\xc8\v1.45\sources\common\lwmod.c
		___lwmod       		CODE           	15DC	0000	67

C:\Program Files (x86)\Microchip\xc8\v1.45\sources\common\lwmod.c estimated size: 67

logMemory.c
		_retrieveResults		CODE           	1790	0000	3

logMemory.c estimated size: 3

shared
		_setKeys       		MEDIUMCONST    	FEED	0000	6
		_dpowers       		MEDIUMCONST    	FECC	0000	11
		_firstTimeSet  		MEDIUMCONST    	FEE6	0000	8
		_LCD_LEFT      		MEDIUMCONST    	FEF2	0000	2
		_keys          		MEDIUMCONST    	FEBB	0000	18
		_LCD_RIGHT     		MEDIUMCONST    	FEF3	0000	2
		__initialization		CODE           	1390	0000	89
		_LCD_VERT_LIMIT		MEDIUMCONST    	FEF6	0000	2
		checkValid@F3160		MEDIUMCONST    	FEDE	0000	9
		_LCD_HORZ_LIMIT		MEDIUMCONST    	FEF7	0000	2
		_hexpowers     		MEDIUMCONST    	FED6	0000	9
		_LCD_SIZE_VERT 		MEDIUMCONST    	FEF4	0000	2
		_LCD_SIZE_HORZ 		MEDIUMCONST    	FEF5	0000	2

shared estimated size: 162

C:\Program Files (x86)\Microchip\xc8\v1.45\sources\common\lwdiv.c
		___lwdiv       		CODE           	14B6	0000	83

C:\Program Files (x86)\Microchip\xc8\v1.45\sources\common\lwdiv.c estimated size: 83

lcd.c
		_putch         		CODE           	1736	0000	21
		_lcdInst       		CODE           	174A	0000	21
		_lcd_set_cursor		CODE           	161E	0000	65
		_lcdNibble     		CODE           	1236	0000	127
		_lcd_shift_cursor		CODE           	16EA	0000	29
		_initLCD       		CODE           	1508	0000	77

lcd.c estimated size: 340

C:\Program Files (x86)\Microchip\xc8\v1.45\sources\common\lldiv.c
		___lldiv       		CODE           	11B4	0000	131

C:\Program Files (x86)\Microchip\xc8\v1.45\sources\common\lldiv.c estimated size: 131

main.c
		_main          		CODE           	0FB6	0000	193
		_interruptHandler		CODE           	0008	0000	235
		_initOperation 		CODE           	1706	0000	27

main.c estimated size: 455

C:\Program Files (x86)\Microchip\xc8\v1.45\sources\common\lwtoft.c
		___lwtoft      		CODE           	16A8	0000	37

C:\Program Files (x86)\Microchip\xc8\v1.45\sources\common\lwtoft.c estimated size: 37

RTC.c
		_initRTC       		CODE           	1720	0000	23
		_getDateTime   		CODE           	12B4	0000	115

RTC.c estimated size: 138

C:\Program Files (x86)\Microchip\xc8\v1.45\sources\common\strcmp.c
		_strcmp        		CODE           	1554	0000	71

C:\Program Files (x86)\Microchip\xc8\v1.45\sources\common\strcmp.c estimated size: 71

